// Jest Snapshot v1, https://goo.gl/fbAQLP

exports[`<NavItem /> Deve renderizar o componente <NavItem /> 1`] = `
.c0 {
  color: #FFFFFF;
  font-size: 1.4rem;
  font-weight: 500;
  font-family: Poppins,-apple-system,BlinkMacSystemFont,'Segoe UI',Roboto,Oxygen,Ubuntu,Cantarell,'Open Sans','Helvetica Neue',sans-serif;
  background-color: transparent;
  -webkit-text-decoration: none;
  text-decoration: none;
  -webkit-transition: all 0.5s ease-out;
  transition: all 0.5s ease-out;
}

.c0:hover {
  color: #F71812;
}

@media (min-width:768px) {
  .c0 {
    font-size: 1.6rem;
  }
}

<button
  class="c0"
  type="button"
>
  O melhor estar por vir!
</button>
`;
