// Jest Snapshot v1, https://goo.gl/fbAQLP

exports[`<Home /> Deve renderizar o componente <Home /> 1`] = `
.c0 {
  position: relative;
  width: 100%;
  height: 7.2rem;
  z-index: 10;
  position: fixed;
  display: -webkit-box;
  display: -webkit-flex;
  display: -ms-flexbox;
  display: flex;
  -webkit-align-items: center;
  -webkit-box-align: center;
  -ms-flex-align: center;
  align-items: center;
  background: rgba(0,0,0,0.3);
  box-shadow: inset 0 -0.3rem 0 rgba(255,255,255,0.3);
  border-radius: 0 0 2rem 2rem;
}

.c3 {
  display: none;
}

.c10 {
  display: none;
}

.c8 {
  color: #FFFFFF;
  cursor: pointer;
  width: 6rem;
  height: 8rem;
}

.c1 {
  position: relative;
  width: 100%;
  height: 100%;
  list-style: none;
  display: -webkit-box;
  display: -webkit-flex;
  display: -ms-flexbox;
  display: flex;
  -webkit-align-items: center;
  -webkit-box-align: center;
  -ms-flex-align: center;
  align-items: center;
  -webkit-box-pack: justify;
  -webkit-justify-content: space-between;
  -ms-flex-pack: justify;
  justify-content: space-between;
  overflow-x: hidden;
  padding: 0 1.5rem;
}

.c11 {
  background: #080808;
  opacity: 0;
  pointer-events: none;
  -webkit-transition: 0.3s linear;
  transition: 0.3s linear;
  position: fixed;
  top: 0;
  left: 0;
  bottom: 0;
  right: calc(4.8rem + (1.5rem + 1.5rem));
  z-index: 20;
  color: white;
  display: -webkit-box;
  display: -webkit-flex;
  display: -ms-flexbox;
  display: flex;
  -webkit-align-items: center;
  -webkit-box-align: center;
  -ms-flex-align: center;
  align-items: center;
  -webkit-box-pack: center;
  -webkit-justify-content: center;
  -ms-flex-pack: center;
  justify-content: center;
  overflow-y: auto;
  overflow-x: hidden;
}

.c12 {
  width: 100%;
  display: -webkit-box;
  display: -webkit-flex;
  display: -ms-flexbox;
  display: flex;
  -webkit-flex-direction: column;
  -ms-flex-direction: column;
  flex-direction: column;
  -webkit-align-items: center;
  -webkit-box-align: center;
  -ms-flex-align: center;
  align-items: center;
  gap: 3.2rem;
}

.c13 {
  position: relative;
  list-style: none;
  text-align: center;
  display: -webkit-box;
  display: -webkit-flex;
  display: -ms-flexbox;
  display: flex;
  -webkit-box-pack: center;
  -webkit-justify-content: center;
  -ms-flex-pack: center;
  justify-content: center;
}

.c13:first-child::after {
  width: 100%;
}

.c13:first-child {
  color: #F71812;
  text-shadow: 0px 0px 30px rgba(247,24,18,0.5),0px 0px 15px rgba(247,24,18,0.4),0px 0px 10px rgba(247,24,18,0.4),0px 0px 5px rgba(247,24,18,0.2);
}

.c13::after {
  content: '';
  position: absolute;
  justify-self: center;
  bottom: -0.5rem;
  width: 0;
  height: 0.2rem;
  background: #F71812;
  box-shadow: 0px 0px 10px #F71812;
  -webkit-transition: 0.3s linear;
  transition: 0.3s linear;
}

.c13:hover::after,
.c13:focus::after {
  width: 100%;
}

.c14 {
  font-size: 1.8rem;
  font-weight: 300;
  padding: 0 1rem;
  -webkit-transition: 0.3s linear;
  transition: 0.3s linear;
}

.c14:hover,
.c14:focus {
  color: #F71812;
  cursor: pointer;
  text-shadow: 0px 0px 30px rgba(247,24,18,0.5),0px 0px 15px rgba(247,24,18,0.4),0px 0px 10px rgba(247,24,18,0.4),0px 0px 5px rgba(247,24,18,0.2);
}

.c2 {
  width: 100%;
  display: -webkit-box;
  display: -webkit-flex;
  display: -ms-flexbox;
  display: flex;
  -webkit-align-items: center;
  -webkit-box-align: center;
  -ms-flex-align: center;
  align-items: center;
  -webkit-box-pack: justify;
  -webkit-justify-content: space-between;
  -ms-flex-pack: justify;
  justify-content: space-between;
  height: 100%;
}

.c9 {
  height: 0.3rem;
  position: absolute;
  bottom: 0;
  left: 0;
  background: #F71812;
  border-radius: 0.3rem;
  -webkit-transition: all 0.3s linear;
  transition: all 0.3s linear;
  box-shadow: 0 0 1rem #F71812;
}

.c4 {
  display: -webkit-box;
  display: -webkit-flex;
  display: -ms-flexbox;
  display: flex;
  gap: 4rem;
}

.c5 {
  list-style: none;
}

.c6 {
  font-size: 1.6rem;
  color: #F71812;
  text-shadow: 0 0 1rem #F71812;
  cursor: pointer;
  -webkit-transition: 0.3s linear;
  transition: 0.3s linear;
  display: -webkit-box;
  display: -webkit-flex;
  display: -ms-flexbox;
  display: flex;
  -webkit-box-pack: center;
  -webkit-justify-content: center;
  -ms-flex-pack: center;
  justify-content: center;
}

.c6:hover {
  color: #F71812;
  text-shadow: 0 0 1rem #F71812;
}

.c7 {
  font-size: 1.6rem;
  color: #FFFFFF;
  cursor: pointer;
  -webkit-transition: 0.3s linear;
  transition: 0.3s linear;
  display: -webkit-box;
  display: -webkit-flex;
  display: -ms-flexbox;
  display: flex;
  -webkit-box-pack: center;
  -webkit-justify-content: center;
  -ms-flex-pack: center;
  justify-content: center;
}

.c7:hover {
  color: #F71812;
  text-shadow: 0 0 1rem #F71812;
}

@media (min-width:450px) {
  .c0 {
    height: 10rem;
  }
}

@media (min-width:768px) {
  .c3 {
    display: block;
  }
}

@media (max-width:768px) {
  .c10 {
    display: block;
  }
}

@media (min-width:768px) {
  .c8 {
    margin: 0 8.0rem;
  }
}

@media (max-width:768px) {
  .c8 {
    width: 3.6rem;
    height: 4.8rem;
  }
}

@media (min-width:768px) {
  .c1 {
    -webkit-box-pack: center;
    -webkit-justify-content: center;
    -ms-flex-pack: center;
    justify-content: center;
    margin: 0;
  }
}

@media (min-width:768px) {
  .c2 {
    width: auto;
  }
}

@media (min-width:768px) {

}

@media (min-width:768px) {

}

@media (min-width:768px) {

}

@media (min-width:768px) {

}

@media (min-width:768px) {

}

@media (min-width:768px) {

}

<header
  class="c0"
>
  <ul
    class="c1"
  >
    <nav
      class="c2"
    >
      <div
        class="c3"
      >
        <ul
          class="c4"
        >
          <li
            class="c5"
          >
            <a
              class="c6"
            >
              Home
            </a>
          </li>
          <li
            class="c5"
          >
            <a
              class="c7"
            >
              Sobre
            </a>
          </li>
          <li
            class="c5"
          >
            <a
              class="c7"
            >
              Servi√ßos
            </a>
          </li>
        </ul>
      </div>
      <div
        class="react-reveal"
      >
        <div
          class="c8"
          color="white"
        >
          <svg
            aria-label="98Barbershop"
            fill="none"
            role="img"
            viewBox="0 0 59 78"
            xmlns="http://www.w3.org/2000/svg"
          >
            <g
              clip-path="url(#clip0)"
            >
              <path
                d="M18.553 22.327c3.613.204 7.515 1.749 7.143 8.745-.278 4.943-1.113 4.757-1.113 4.757s.65-6.716-1.67-9.328c-1.577-2.798-10.018-3.824-10.853 5.317 0 4.85 1.67 5.69 3.618 5.783.463 0 .834.466-.65.466s-4.174-.653-4.638-5.97c-.186-5.316 3.154-9.7 8.163-9.77z"
                fill="currentColor"
              />
              <path
                d="M15.863 45.996s3.247-5.504 3.896-7.929c0 0-2.319 1.773-5.566 1.773-3.246 0-6.215-3.452-6.215-8.769 0-5.316 3.803-11.752 10.854-11.752 7.05 0 10.297 5.69 10.297 12.592s-3.433 13.059-6.865 17.07c-3.432 4.01-7.978 7.835-12.802 8.86-.927.28-.742-.279.093-.559s6.215-2.705 10.019-7.182c3.803-4.477 7.885-11.94 7.885-17.443.093-5.783-2.226-11.473-8.535-11.473-6.308 0-9.369 5.877-9.369 10.354 0 4.477 2.505 9.887 10.297 6.156.557-1.213 3.433-10.727-1.67-10.727-3.34 0-3.896 3.265-4.916 5.317 0 0-.279-6.902 5.38-6.902s4.546 7.462 4.082 9.887c-.464 2.425-3.34 9.141-7.421 13.805-1.856 2.425-2.134 1.866-1.67 1.212.464-.652 2.226-4.29 2.226-4.29z"
                fill="currentColor"
              />
              <path
                d="M7.282 56.956s.742-.653.928-.747c.185-.093 5.751-3.544 7.05-5.316 1.392-1.68 2.134-2.146 2.32-2.052.185.093-1.485 3.078-3.34 4.757-1.856 1.679-5.195 3.358-6.958 3.358zM41.003 54.95c-4.916-.28-7.885-2.798-7.885-7.275s2.32-9.048 10.019-13.525c6.493-4.291 5.659-10.54.185-9.794-1.67.466-1.855 1.305-1.762 1.399.185.186 1.206-.56 2.597-.56 1.392 0 2.598 1.4 1.113 4.104-1.762 2.705-5.937 4.664-5.937 4.664-1.809-1.819-3.061-4.29-2.69-7.276.371-2.984 3.247-5.69 7.885-5.69 4.36 0 7.7 2.985 7.7 6.996 0 4.011-2.226 6.996-6.587 9.888-4.36 2.891-7.514 5.69-7.977 9.234-.279 2.705 1.113 3.731 3.34 3.731 2.782 0 7.328-2.425 7.328-7.742 0-1.865-1.392-3.638-1.392-3.638l.742-.466c1.485 1.772 2.134 4.757 1.948 6.156-.185 1.4-.834 3.265-1.855 4.384-1.02 1.12-1.299 1.773-1.206 1.866.093.093 1.113.093 2.598-1.866 1.484-1.959 2.69-4.663 1.02-8.488-1.113-2.145-1.855-2.425-1.855-2.425s6.122-3.731 5.937-10.634c-.65-6.902-6.215-8.674-9.74-8.674-3.526 0-9.092 2.238-9.092 7.835 0 4.757 3.433 7.182 3.433 7.182s-8.164 5.41-8.164 12.872c0 7.463 7.236 8.862 10.39 8.862 3.154 0 9.37-1.493 10.483-8.022 0 0-2.783 6.902-10.576 6.902zm6.03-10.913c-.742 2.519-3.803 5.97-6.308 5.224-1.206-.467-.928-3.358 1.391-6.064 2.69-2.611 4.268-3.45 4.268-3.45s1.391 1.772.649 4.29z"
                fill="currentColor"
              />
              <path
                d="M39.797 32.19s-3.71-7.834 4.453-8.767c4.731 0 6.958 5.223 1.02 10.447-6.4 5.037-7.7 5.223-9.09 10.074.927-1.12 2.782-3.452 4.174-4.29 1.391-1.027 10.575-5.318 10.76-11.38.186-6.064-5.194-6.53-7.05-6.53-1.855 0-6.4 1.026-6.4 6.156.463 3.638 2.133 4.29 2.133 4.29z"
                fill="currentColor"
              />
              <path
                d="M59 73.595l-.857.293-.074-.109.226-.82.705.163v.473zM41.985 76.836c-.41.167-.736.367-1.085.423-.31.052-.255-.295-.285-.492-.014-.093.07-.209.107-.308.25-.038.47-.066.629.2.046.076.233.065.354.093l.28.084zM12.292 75.081c.092.177.185.354.273.53l.124.013c-.125.218-.407.323-.573.216-.29-.187-.504-.497-.747-.747h.927l-.004-.012zM55.456 76.751l.232.373c-.572-.036-.284.317-.272.546l-.127.03-.381-.49.548-.459zM10.62 74.136l.417.364c-.13.216-.572.264-.873.08l.457-.444zM57.565 69.917c.313-.467.577-.63.878-.094l-.878.094zM8.048 77.26h-.792l.451-.432.341.432zM13.243 75.516a1.44 1.44 0 01-.199-.312c-.012-.034.112-.117.173-.179l.217.363-.19.128zM30.93 76.534c.008-.172.012-.344.03-.514a.169.169 0 01.132-.023.144.144 0 01.061.12c-.018.134-.054.266-.082.397l-.142.02z"
                fill="#1923F6"
              />
              <path
                d="M58.204 71.681c.259-.255.502-.544.156-.91a1.618 1.618 0 00-.371-.243c-.16-.093-.345-.15-.483-.268-.379-.323-.117-.59.088-.91l-.3.093-.047-.07.556-.28c-.106-.297-.202-.559-.278-.785.162-.015.371.027.434-.05.174-.226.252-.502.079-.809l-.36.187c-.064-.335-.148-.629-.169-.926-.017-.24-.065-.352-.332-.362-.215-.009-.481-.046-.626-.18-.242-.222-.397-.093-.564.042-.167.134-.3.104-.478 0a6.44 6.44 0 00-.933-.454c-.137-.054-.352-.085-.456-.014-.415.28-.743.138-1.083-.128a.348.348 0 00-.297-.026c-.793.353-1.468-.03-2.174-.305-.218-.086-.488-.039-.823-.057-.11-.2-.305-.4-.557.056-.01.017-.246-.03-.294-.103-.176-.266-.331-.29-.603-.103-.295.202-.605.062-.892-.103a1.401 1.401 0 00-.448-.176 8.028 8.028 0 00-.898-.094c-.131-.007-.267.054-.396.043a2.29 2.29 0 01-.504-.112c-.3-.099-.595-.213-.961-.347l.287.996-.161.06c-.125-.28-.279-.56-.364-.857-.06-.22-.167-.29-.355-.25-.246.048-.486.13-.73.186a.723.723 0 01-.303.034c-.422-.093-.834-.209-1.262-.287-.103-.019-.227.078-.36.129-.155-.31-.352-.416-.648-.13-.06.057-.258.034-.346-.023-.37-.246-.717-.351-1.12-.03-.149.12-.385.18-.556-.093-.112-.186-1.386-.35-1.577-.25-.406.211-.803.325-1.245.054-.172-.106-.41-.094-.615-.15-.297-.077-.592-.161-.887-.242l.005-.006h-2.768c-.16.083-.313.22-.48.238-.5.064-1.006.09-1.51.077-.464-.022-.928-.245-1.371.079-.032.023-.131-.009-.174-.046-.22-.191-.431-.215-.7-.067-.27.148-.47.022-.545-.28h-1.172c-.123.214-.273.416-.361.644-.102.26-.215.168-.342.048-.572-.54-.499-.455-1.25-.093-.084.04-.227.066-.292.021-.491-.33-.987-.109-1.485-.05-.197.021-.425.057-.594-.017-.413-.186-.972.012-1.113.438-.058-.135-.088-.292-.18-.393-.077-.087-.226-.108-.343-.159l-.049.094.186.262h-1.002c-.224.156-.419.29-.598.417l-.346-.484c-.397.11-.58.684-1.07.417l.247-.423-.093-.121c-.13.075-.257.153-.388.224-.13.07-.315.239-.417.202-.488-.175-.935-.02-1.4.076-.429.086-.872.099-1.305.168-.143.023-.272.131-.415.186a.452.452 0 01-.241.017c-.342-.073-.681-.157-1.05-.244-.022.187-.034.299-.054.487l-.382-.319c-.087.452-.418.619-.795.721-.112.031-.239.01-.351.042-.208.061-.41.144-.708.251.08-.226.134-.373.222-.623-.2.067-.364.085-.479.169-.33.239-.65.3-1.003.055a.246.246 0 00-.185-.021c-.167.046-.33.111-.493.17l.197.409h-.9c.05-.106.093-.207.185-.393-.17.07-.307.082-.37.159-.419.476-.96.602-1.556.597-.43 0-.43 0-.614.452-.165-.28-.318-.353-.65-.17-.524.296-1.02.69-1.654.755-.061.006-.14.138-.158.223-.074.324-.233.495-.591.477-.329-.015-.39.116-.279.421.035.093.018.27-.047.329a7.498 7.498 0 01-.668.494v.236l.414-.03.33.336c-.073.102-.21.222-.236.362-.01.064.199.168.376.306l-.268.623c.324-.014.371.167.342.415-.028.248.044.42.371.35.093-.02.229.137.33.23.136.128.263.265.38.411.209.176.666-.069.734.458l-.457-.079-.043.422.817-.047c-.219.291-.756.182-.615.709l.937.093c.026 0 .05.006.074.017.36.194.36.195.474-.287.03.424.296.4.477.328.34-.134.452.005.478.315.27-.1.518-.192.767-.28.032-.01.104 0 .105.014.04.223.06.45.061.676 0 .048-.198.1-.31.126a.894.894 0 01-.255-.023l-.038.622-1.526-.202c.206.2.423.39.65.566a.724.724 0 00.463.152c.125-.017.228-.186.379-.327l.1.393.092.055.331-.812c.163.14.306.2.118.441-.135.171-.15.45-.176.685a.374.374 0 00.147.28c.278.198.835.082 1.052-.18a.504.504 0 01.25-.118c.257-.072.515-.131.773-.197l-.021-.098a.248.248 0 01.063.045c.44.608.957.659 1.515.157.137-.124.295-.226.464-.353l.594.31c-.158.296-.284.532-.419.78.71.15.934.094 1.003-.245a1.08 1.08 0 01-.186.017c-.11-.009-.217-.03-.325-.047.031-.142.016-.329.103-.417.305-.317.267-.799-.103-.99-.289-.15-.583-.28-.58-.705 0-.155-.144-.31-.24-.501-.019.006-.108 0-.152.047-.354.356-.784.143-1.181.17-.038 0-.093.011-.114-.009-.063-.074-.174-.177-.156-.238.074-.256.185-.5.287-.746.107.048.207.11.297.186.267.304.601.107.886.099.349-.01.7-.153 1.038-.271.112-.038.191-.175.307-.29.065.061.196.128.232.228.123.346.399.245.616.21.278-.044.539-.158.842-.252-.067.466-.286.673-.727.618-.016.323-.086.623.27.797.051.025.063.13.094.201l.208-.037-.26-.373.725.158.032-.081-.274-.298c.8-.373.948.33 1.304.747l-.375.305h.583l-.03.06c.333.178.65.392 1.005.509.1.032.398-.207.415-.345.02-.166-.164-.358-.26-.539l-.288.187a6.523 6.523 0 01-.42-.687c-.037-.077.035-.233.092-.325.142-.213.308-.409.464-.611.135-.175.27-.348.432-.56l-.261-.053c.257-.271.55-.316.891-.093l-.908.84.65 1.158c-.013.16-.03.373-.05.653.23.016.433.044.637.04.203-.003.395-.04.592-.062l.06-.178.268.425-.565.252c-.099.622.185.772 1.206.579-.065-.055-.109-.094-.151-.128l-.32-.29c.11-.082.223-.16.328-.248.105-.088.205-.187.398-.367l-.442-.121.114-.2c.145.018.305.005.43.063.377.174.736.387 1.114.56.085.038.22-.011.325-.045.127-.05.25-.107.37-.171.017.149.036.3.052.448.005.039.005.078.008.143l.416.02c-.061-.616.316-.7.742-.638l.071-.618h.13l.059.43.313.052c-.044.593.488-.013.616.293a.603.603 0 01.047-.167.867.867 0 01.142-.139c.037.056.113.118.106.168-.071.54.371.699.697.902.278.174.407-.133.515-.323.107-.19.142-.39.222-.626.12.102.246.195.378.28.32.173.514-.106.75-.23.106-.056.208-.168.313-.169.507-.005 1.007.024 1.436-.35.103-.094.322-.043.515-.063.044.27.2.353.48.153.06-.02.126-.02.186 0 .01.112.013.224.01.337.257.093.511.16.75.266.453.2.63.12.953-.28a.605.605 0 01.649-.226c.495.099 1.05.334 1.577.02.048-.02.1-.027.151-.022.037 0 .074.017.037.008l.224.827-1.348.075c.798.524 1.628.197 2.477.137l-.17-.426.341-.235.054.04-.156.324.478-.217v.576c.247-.173.392-.13.63.025.238.154.65.08.979.093.089-.01.177-.025.264-.046.448-.044.896-.093 1.345-.123.354-.024.503-.177.371-.526.035-.024.063-.055.075-.05.456.223.871.154 1.268-.155a.281.281 0 01.263.006c.429.298.907.213 1.377.212.083 0 .185-.027.246.013.649.445 1.122.453 1.681.016.186.146.327.302.504.398.304.165.68.177.922.483.056.071.242.037.4-.02l-.716-.407c.307-.186.547-.334.798-.466.035-.019.148.038.176.087.17.299.433.533.748.668.214.105.22.053.343-.067.123-.12.426-.319.492-.27.258.212.487.457.68.73.073.094.058.261.092.425l-.38-.043c.015.151.015.151 1.015.16l-.222-.35.23-.308.513.144v.23l-.393-.04c.12.35.387.303.585.258.199-.046.362-.196.59-.328-.121-.075-.131-.084-.143-.093l-.409-.165c.187.007.373-.005.557-.035.136-.034.252-.148.458-.28.111.127.263.32.435.488.059.057.214.108.255.075.31-.252.57-.041.811.093.278.157.55.262.835.094.496-.291.795.086 1.145.302.079.057.153.119.223.186.5-.28.857-.614.752-1.246l.478-.043V76.3c-.009-.268-.133-.56.21-.746.033-.017-.057-.27-.093-.423.082-.076.173-.138.273-.187.173-.06.382-.153.535-.104a2.888 2.888 0 001.648.051c-.226-.249-.22-.58.071-.738.424-.228.424-.625.484-.996.04-.256.007-.522.007-.804l.495-.098-.263-.573zM9.012 74.802c.2.044.547.043.577.141.131.422-.418.072-.446.373l-.13-.042v-.472zm28.986.96c-.204.107-.34.23-.487.244a1.416 1.416 0 01-.56-.094c-.114-.038-.203-.145-.302-.223l-.196.467c-.354.016-.763.05-1.17.042-.123 0-.248-.112-.364-.187-.131-.083-.245-.201-.386-.266-.218-.102-.224-.094-.191-.36l.856.04.132.38c.237-.26.603.353.817-.11-.102-.11-.186-.2-.264-.29.124-.041.253-.067.383-.077.124.006.244.075.395.126l-.048-.457c.206.03.4.018.557.094.281.138.55.301.801.488.052.031.027.18.027.182z"
                fill="#1923F6"
              />
              <path
                d="M59 10.167l-.857.293-.074-.11.226-.819.705.163v.473zM41.985 13.408c-.41.167-.736.366-1.085.423-.31.051-.255-.296-.285-.492-.014-.094.07-.21.107-.308.25-.039.47-.067.629.2.046.076.233.065.354.093l.28.084zM12.292 11.653c.092.177.185.354.273.53l.124.013c-.125.217-.407.323-.573.215-.29-.186-.504-.496-.747-.746h.927l-.004-.012zM55.456 13.323l.232.373c-.572-.037-.284.317-.272.546l-.127.03-.381-.49.548-.46zM10.62 10.708l.417.364c-.13.216-.572.264-.873.08l.457-.444zM57.565 6.488c.313-.466.577-.628.878-.093l-.878.093zM8.048 13.832h-.792l.451-.432.341.432zM13.243 12.088c-.08-.095-.146-.2-.199-.312-.012-.034.112-.117.173-.179l.217.363-.19.128zM30.93 13.105c.008-.171.012-.343.03-.514a.167.167 0 01.132-.023.144.144 0 01.061.121c-.018.134-.054.265-.082.397l-.142.02z"
                fill="#F71812"
              />
              <g
                filter="url(#filter0_d)"
              >
                <path
                  d="M58.204 8.253c.259-.255.502-.545.156-.91a1.618 1.618 0 00-.371-.243c-.16-.093-.345-.15-.482-.268-.38-.323-.117-.59.087-.91l-.3.092-.047-.069.556-.28c-.106-.297-.202-.559-.278-.786.162-.014.371.027.434-.05.174-.225.252-.5.079-.808l-.36.187c-.064-.335-.148-.629-.169-.927-.017-.24-.065-.351-.332-.361-.215-.009-.481-.046-.626-.18-.242-.222-.397-.093-.564.042-.167.134-.3.104-.478 0a6.436 6.436 0 00-.933-.454c-.137-.054-.352-.085-.456-.015-.415.28-.743.14-1.083-.128a.348.348 0 00-.297-.026c-.793.354-1.468-.029-2.174-.305-.218-.085-.488-.038-.823-.057-.11-.2-.305-.399-.557.056-.01.018-.246-.03-.294-.102-.176-.266-.331-.29-.603-.104-.295.203-.605.063-.892-.102a1.401 1.401 0 00-.448-.177 8.03 8.03 0 00-.898-.093c-.131-.007-.267.054-.396.043a2.294 2.294 0 01-.504-.112c-.3-.099-.595-.214-.961-.347l.287.996-.161.06c-.124-.285-.278-.56-.364-.857-.058-.219-.166-.292-.351-.254-.246.05-.486.13-.73.187a.724.724 0 01-.303.034c-.422-.093-.835-.209-1.262-.287-.103-.019-.228.078-.36.129-.155-.31-.352-.416-.649-.13-.06.057-.257.034-.345-.022-.371-.247-.717-.352-1.12-.03-.149.119-.386.179-.556-.094-.113-.182-1.386-.35-1.577-.25-.407.211-.804.325-1.245.054-.172-.106-.41-.094-.615-.15-.297-.077-.592-.161-.887-.242V0h-2.767c-.16.083-.313.22-.48.238-.5.063-1.006.09-1.51.076-.464-.021-.928-.244-1.371.08-.032.023-.131-.009-.174-.046-.22-.187-.431-.216-.7-.067-.27.148-.47.022-.545-.28h-1.172c-.123.214-.273.416-.361.644-.102.26-.215.167-.341.048-.573-.541-.5-.455-1.25-.093-.084.04-.228.066-.293.021C22.497.291 22 .512 21.503.57c-.197.022-.425.058-.594-.016-.413-.182-.972.012-1.113.438-.058-.135-.088-.292-.18-.393-.077-.087-.226-.108-.343-.159l-.049.094.186.262h-1.002c-.224.155-.419.29-.598.417l-.346-.485c-.397.11-.58.685-1.07.417l.247-.422-.093-.121c-.13.074-.257.153-.388.224-.13.07-.315.238-.417.202-.488-.175-.935-.02-1.4.075-.429.087-.872.1-1.305.168-.143.024-.272.132-.415.187a.452.452 0 01-.241.017c-.342-.073-.681-.157-1.05-.244-.022.187-.034.299-.054.487l-.382-.319c-.087.452-.418.619-.795.721-.112.031-.239.01-.351.042-.208.06-.41.144-.708.251l.222-.623c-.2.067-.364.085-.479.169-.33.239-.65.3-1.003.055a.246.246 0 00-.185-.022c-.167.047-.33.112-.493.17l.197.41h-.9c.05-.107.093-.207.185-.393-.17.069-.307.082-.37.159-.419.476-.96.602-1.556.596-.43 0-.43 0-.614.453-.165-.28-.318-.354-.65-.17-.524.296-1.02.69-1.654.755-.061.006-.14.138-.158.223-.074.323-.233.495-.591.477-.329-.016-.39.116-.279.42.035.094.018.27-.047.33A7.504 7.504 0 010 5.908v.236l.414-.029.328.342c-.072.101-.21.222-.235.361-.01.065.199.168.376.306-.069.15-.16.367-.27.624.324-.014.371.166.343.415-.03.248.043.42.37.35.093-.02.229.136.33.229.137.128.266.266.385.412.209.175.666-.069.734.458l-.457-.08-.043.422.817-.046c-.219.29-.756.186-.615.709l.937.093c.025 0 .05.006.074.017.36.194.36.195.474-.287.03.424.296.4.477.328.34-.135.452 0 .478.315.27-.1.518-.192.767-.28.031-.01.104 0 .105.014.04.223.06.45.06.676 0 .048-.198.1-.31.126a.898.898 0 01-.254-.023l-.04.622-1.527-.202c.206.2.423.39.65.566a.724.724 0 00.463.152c.125-.018.228-.186.379-.327l.1.392.092.055.331-.811c.163.14.306.2.118.441-.135.17-.15.45-.176.685a.375.375 0 00.147.28c.278.197.835.082 1.052-.18a.505.505 0 01.25-.118c.257-.072.515-.131.773-.197l-.021-.099a.248.248 0 01.063.046c.44.607.957.659 1.515.157.137-.124.295-.226.464-.354l.594.31-.419.782c.71.148.934.093 1.003-.247a1.08 1.08 0 01-.186.018c-.11-.01-.217-.03-.325-.047.031-.142.016-.329.103-.418.305-.317.267-.798-.103-.99-.289-.15-.583-.28-.58-.704 0-.155-.144-.31-.24-.501-.019.005-.108 0-.152.046-.354.357-.784.144-1.181.17-.038 0-.093.012-.114-.008-.063-.074-.174-.177-.156-.238.074-.257.185-.5.287-.746.107.048.207.11.297.186.267.303.601.107.886.094.349-.01.7-.153 1.038-.27.112-.04.191-.176.307-.291.065.062.196.128.232.228.123.346.399.245.616.21.278-.043.539-.158.842-.252-.067.466-.286.673-.727.618-.016.323-.086.623.271.797.05.025.062.13.093.201l.208-.037-.26-.373.725.158.032-.08-.274-.298c.8-.374.948.33 1.304.746l-.375.305h.583l-.03.06c.333.178.65.392 1.005.509.1.032.398-.207.415-.344.02-.167-.164-.359-.26-.54l-.288.187a6.53 6.53 0 01-.42-.687c-.037-.077.035-.233.092-.325.142-.213.308-.409.464-.611.135-.175.27-.348.432-.56l-.261-.053c.257-.271.55-.316.891-.093l-.908.84.65 1.158c-.013.16-.03.373-.05.653.23.016.433.044.637.04.203-.003.395-.04.592-.062l.06-.178.268.425-.565.252c-.099.623.185.772 1.206.579-.065-.054-.109-.094-.151-.128l-.32-.29c.11-.082.223-.16.328-.248.105-.088.205-.187.398-.367l-.442-.121.115-.2c.144.018.304.005.43.063.376.174.735.387 1.113.56.085.039.22-.01.325-.045.127-.05.25-.107.37-.171.018.15.036.3.052.449.005.038.005.077.008.142l.416.02c-.061-.616.316-.7.742-.638.027-.234.05-.426.071-.618h.13l.059.43.313.053c-.044.592.488-.014.616.293a.596.596 0 01.048-.167.87.87 0 01.14-.14c.038.056.114.118.107.168-.071.54.371.7.697.902.278.174.407-.133.515-.323.107-.19.142-.39.222-.626.12.102.246.195.378.28.32.173.514-.106.75-.23.106-.056.208-.168.313-.169.507-.005 1.008.024 1.436-.35.103-.094.322-.043.515-.063.044.27.2.353.48.153.06-.02.126-.02.186 0 .01.112.013.225.01.337.257.093.511.16.75.266.453.2.63.12.953-.28a.603.603 0 01.649-.226c.495.1 1.05.334 1.577.02.048-.02.1-.027.151-.022.037 0 .074.017.037.008l.224.827-1.348.075c.798.524 1.628.197 2.477.137l-.17-.426.341-.235.054.04-.156.324.478-.217v.581c.247-.173.392-.13.63.024.238.155.65.081.979.094.089-.01.177-.025.264-.046.448-.044.896-.093 1.345-.123.354-.025.503-.178.371-.526.035-.025.063-.055.075-.05.456.223.872.154 1.268-.156a.284.284 0 01.263.007c.429.298.907.213 1.377.212.083 0 .185-.027.246.013.649.445 1.122.453 1.681.016.186.146.327.302.504.398.304.165.68.177.922.483.056.071.242.037.4-.02l-.716-.407c.307-.187.547-.334.798-.466.035-.02.148.038.176.087.17.299.433.533.748.668.214.104.22.053.343-.067.123-.12.426-.32.492-.27.259.211.487.457.68.73.073.094.058.26.092.425l-.38-.044c.015.152.015.152 1.015.162l-.222-.351.23-.308.513.144v.23l-.393-.04c.12.349.387.303.585.258.199-.046.362-.196.59-.328-.121-.075-.131-.084-.143-.093l-.409-.165c.187.007.373-.005.557-.035.136-.034.252-.148.458-.28.112.127.263.32.435.488.059.057.214.107.255.075.31-.252.57-.041.811.093.278.157.55.262.835.093.496-.29.795.087 1.145.303.079.056.153.119.223.186.5-.28.857-.615.752-1.246l.478-.043v-.406c-.009-.268-.133-.56.21-.746.033-.018-.057-.27-.093-.423.082-.076.173-.139.273-.187.173-.06.382-.153.535-.104a2.89 2.89 0 001.648.05c-.226-.248-.22-.578.071-.737.424-.229.424-.625.484-.996.04-.256.007-.522.007-.804l.495-.093-.263-.578zM9.012 11.374c.2.044.547.043.577.141.131.422-.418.072-.446.373l-.13-.042v-.472zm28.986.96c-.204.106-.34.23-.487.244a1.418 1.418 0 01-.56-.094c-.114-.038-.203-.145-.302-.223l-.196.467c-.354.015-.763.05-1.17.042-.123 0-.248-.112-.364-.187-.131-.083-.245-.201-.385-.267-.22-.101-.225-.088-.192-.359l.856.04.132.38c.237-.26.603.352.817-.11-.102-.111-.186-.2-.264-.29.124-.041.253-.068.383-.078.124.007.244.076.395.126l-.048-.456c.206.03.4.018.557.093.281.139.55.302.801.488.052.032.027.181.027.183z"
                  fill="#F71812"
                />
              </g>
            </g>
            <defs>
              <clippath
                id="clip0"
              >
                <path
                  d="M0 0h59v78H0z"
                  fill="currentColor"
                />
              </clippath>
              <filter
                color-interpolation-filters="sRGB"
                filterUnits="userSpaceOnUse"
                height="24.566"
                id="filter0_d"
                width="68.531"
                x="-5"
                y="-5"
              >
                <feflood
                  flood-opacity="0"
                  result="BackgroundImageFix"
                />
                <fecolormatrix
                  in="SourceAlpha"
                  result="hardAlpha"
                  values="0 0 0 0 0 0 0 0 0 0 0 0 0 0 0 0 0 0 127 0"
                />
                <feoffset />
                <fegaussianblur
                  stdDeviation="2.5"
                />
                <fecomposite
                  in2="hardAlpha"
                  operator="out"
                />
                <fecolormatrix
                  values="0 0 0 0 0 0 0 0 0 0 0 0 0 0 0 0 0 0 0.25 0"
                />
                <feblend
                  in2="BackgroundImageFix"
                  result="effect1_dropShadow"
                />
                <feblend
                  in="SourceGraphic"
                  in2="effect1_dropShadow"
                  result="shape"
                />
              </filter>
            </defs>
          </svg>
        </div>
      </div>
      <div
        class="c3"
      >
        <ul
          class="c4"
        >
          <li
            class="c5"
          >
            <a
              class="c7"
            >
              Equipe
            </a>
          </li>
          <li
            class="c5"
          >
            <a
              class="c7"
            >
              Opini√£o
            </a>
          </li>
          <li
            class="c5"
          >
            <a
              class="c7"
            >
              FeedBack
            </a>
          </li>
        </ul>
        <span
          aria-label="Line"
          class="c9"
          style="width: 20px; transform: translateX(-10px);"
        />
      </div>
    </nav>
    <div
      class="c10"
    >
      <div
        class="react-reveal"
      >
        <div
          aria-label="Abrir e Fechar"
          class="hamburger-react"
          role="button"
          style="cursor: pointer; height: 48px; position: relative; transition: 0.4s ease-out; user-select: none; width: 48px; outline: none; transform: none;"
          tabindex="0"
        >
          <div
            style="background: rgb(255, 255, 255); height: 3px; left: 9px; position: absolute; border-radius: 9em; width: 30px; top: 13px; transition: 0.4s ease-out; transform: none;"
          />
          <div
            style="background: rgb(255, 255, 255); height: 3px; left: 9px; position: absolute; border-radius: 9em; width: 30px; top: 23px; transition: 0.4s ease-out; transform: none;"
          />
          <div
            style="background: rgb(255, 255, 255); height: 3px; left: 9px; position: absolute; border-radius: 9em; width: 30px; top: 33px; transition: 0.4s ease-out; transform: none;"
          />
        </div>
      </div>
      <div
        class="react-reveal"
      >
        <div
          aria-hidden="true"
          aria-label="Menu Full"
          class="c11"
        >
          <ul
            class="c12"
          >
            <li
              class="c13"
            >
              <a
                aria-label="Home"
                class="c14"
              >
                Home
              </a>
            </li>
            <li
              class="c13"
            >
              <a
                aria-label="Sobre"
                class="c14"
              >
                Sobre
              </a>
            </li>
            <li
              class="c13"
            >
              <a
                aria-label="Servi√ßos"
                class="c14"
              >
                Servi√ßos
              </a>
            </li>
            <li
              class="c13"
            >
              <a
                aria-label="Equipe"
                class="c14"
              >
                Equipe
              </a>
            </li>
            <li
              class="c13"
            >
              <a
                aria-label="Opini√£o"
                class="c14"
              >
                Opini√£o
              </a>
            </li>
            <li
              class="c13"
            >
              <a
                aria-label="FeedBack"
                class="c14"
              >
                FeedBack
              </a>
            </li>
          </ul>
        </div>
      </div>
    </div>
  </ul>
</header>
`;
