// Jest Snapshot v1, https://goo.gl/fbAQLP

exports[`<InputGroup /> Deve renderizar o componente <InputGroup /> 1`] = `
.c0 {
  width: 100%;
  max-width: 52rem;
  height: 5.3rem;
  position: relative;
}

.c2 {
  position: absolute;
  top: 2rem;
  left: 0;
  color: #FFFFFF;
  font-family: Poppins,-apple-system,BlinkMacSystemFont,'Segoe UI',Roboto,Oxygen,Ubuntu,Cantarell,'Open Sans','Helvetica Neue',sans-serif;
  font-weight: 500;
  font-size: 1.4rem;
  line-height: 2.4rem;
  -webkit-transition: 0.3s;
  transition: 0.3s;
}

.c2 span {
  font-size: 1.2rem;
}

.c1 {
  width: 100%;
  border: none;
  outline: none;
  position: absolute;
  -webkit-appearance: none;
  -moz-appearance: none;
  appearance: none;
  top: 3rem;
  padding: 0.2rem;
  font-size: 1.4rem;
  font-family: Poppins,-apple-system,BlinkMacSystemFont,'Segoe UI',Roboto,Oxygen,Ubuntu,Cantarell,'Open Sans','Helvetica Neue',sans-serif;
  font-weight: 500;
  background-color: transparent;
  color: #FFFFFF;
  border-bottom: 3px solid #181818;
}

.c1::-webkit-input-placeholder {
  opacity: 0;
  -webkit-transition: 0.3s;
  transition: 0.3s;
}

.c1::-moz-placeholder {
  opacity: 0;
  -webkit-transition: 0.3s;
  transition: 0.3s;
}

.c1:-ms-input-placeholder {
  opacity: 0;
  -webkit-transition: 0.3s;
  transition: 0.3s;
}

.c1::placeholder {
  opacity: 0;
  -webkit-transition: 0.3s;
  transition: 0.3s;
}

.c1:focus::-webkit-input-placeholder {
  opacity: 1;
}

.c1:focus::-moz-placeholder {
  opacity: 1;
}

.c1:focus:-ms-input-placeholder {
  opacity: 1;
}

.c1:focus::placeholder {
  opacity: 1;
}

.c1:focus ~ label,
.c1:valid ~ label {
  -webkit-transform: translateY(-2rem);
  -ms-transform: translateY(-2rem);
  transform: translateY(-2rem);
  font-size: 1.3em;
  -webkit-letter-spacing: 0.1em;
  -moz-letter-spacing: 0.1em;
  -ms-letter-spacing: 0.1em;
  letter-spacing: 0.1em;
}

.c1:-webkit-autofill {
  -webkit-border: none;
  -webkit-box-shadow: 0 0 0 30px #080808 inset;
  -webkit-text-fill-color: #FFFFFF !important;
}

@media (min-width:768px) {
  .c2 {
    font-size: 1.6rem;
  }
}

<div
  class="c0"
>
  <input
    class="c1"
    id="nome"
    name="nome"
    placeholder="Ex: Rafael"
    type="text"
    value=""
  />
  <label
    class="c2"
    for="nome"
  >
    Nome
     
    <span
      data-testid="label-span"
    >
      (opicional)
    </span>
  </label>
</div>
`;
