// Jest Snapshot v1, https://goo.gl/fbAQLP

exports[`<Button /> Deve renderizar os estilos primarios do componente <Button /> 1`] = `
.c0 {
  color: #FFFFFF;
  font-size: 1.4rem;
  font-weight: 600;
  padding: 1rem 2rem;
  border-radius: 4rem;
  text-align: center;
  cursor: pointer;
  -webkit-transition: all 0.3s linear;
  transition: all 0.3s linear;
  background: #3abcbf;
  border: 0.2rem solid #3abcbf;
}

.c0:hover {
  background: #226f71;
  border: 0.2rem solid #226f71;
}

<button
  class="c0"
>
  Marcar Hora
</button>
`;
