// Jest Snapshot v1, https://goo.gl/fbAQLP

exports[`<ModalForm /> Deve renderizar o componente <ModalForm /> com a mensagem de sucesso 1`] = `
.c0 {
  position: fixed;
  top: 0;
  left: 0;
  bottom: 0;
  right: 0;
  opacity: 0.9;
  visibility: visible;
  pointer-events: all;
  background-color: rgba(0,0,0,0.5);
  -webkit-transition: all 0.35s ease-in-out;
  transition: all 0.35s ease-in-out;
  z-index: 30;
}

@media (min-width:768px) {

}

@media (min-width:768px) {

}

@media (min-width:768px) {

}

<div
  aria-hidden="true"
  aria-label="Overlay Modal"
  class="c0"
/>
`;
